internal extension AutoCasesEnum {
  static let count: Int = 4
  static let allCases: [AutoCasesEnum] = [
    .north,
    .south,
    .east,
    .west
  ]
}
public extension AutoCasesHasAssociatedValuesEnum {
  static let count: Int = 2
}
internal extension AutoCasesOneValueEnum {
  static let count: Int = 1
  static let allCases: [AutoCasesOneValueEnum] = [
    .one
  ]
}

